92 candidate films in 1.0-6.0 GB
  fetching BigBoyRidesAgain (1.61 GB)
    85,898 frames = 57.3 min | corpus now 0.95 h from 1 films
  fetching rog56_mail_614 (2.06 GB)
    105,040 frames = 70.0 min | corpus now 2.12 h from 2 films
  fetching rog56_mail_922 (2.77 GB)
    125,386 frames = 83.6 min | corpus now 3.51 h from 3 films
  fetching rog56_mail_927 (2.47 GB)
    99,382 frames = 66.3 min | corpus now 4.62 h from 4 films
  fetching rough_riding_ranger (4.75 GB)
    84,523 frames = 56.3 min | corpus now 5.56 h from 5 films
  fetching rog561b_netzero_310 (2.31 GB)
    87,198 frames = 58.1 min | corpus now 6.53 h from 6 films
  fetching rog561b_netzero_317 (1.88 GB)
    100,998 frames = 67.3 min | corpus now 7.65 h from 7 films
  fetching rog561b_netzero_116 (4.38 GB)
    131,282 frames = 87.5 min | corpus now 9.11 h from 8 films
  fetching romance_on_the_run (4.15 GB)
    79,667 frames = 53.1 min | corpus now 9.99 h from 9 films
  fetching sabaka_ipod (1.50 GB)
    115,411 frames = 76.9 min | corpus now 11.27 h from 10 films
  fetching rog56_mail_219 (2.33 GB)
    125,052 frames = 83.4 min | corpus now 12.66 h from 11 films
  fetching rog56_mail_3008 (1.46 GB)
    115,611 frames = 77.1 min | corpus now 13.95 h from 12 films
  fetching rog56_mail_313 (2.10 GB)
    112,609 frames = 75.1 min | corpus now 15.20 h from 13 films
  fetching IdentityUnknown (1.80 GB)
    105,794 frames = 70.5 min | corpus now 16.38 h from 14 films
  fetching sangdil-sanam-1994-dv-drip.-x-264..-ac-3.-esubs.-5.1 (1.34 GB)
    223,751 frames = 149.2 min | corpus now 18.86 h from 15 films
  fetching the_shadow_strikes (1.33 GB)
    92,511 frames = 61.7 min | corpus now 19.89 h from 16 films
  fetching PecksBadBoy_558 (1.66 GB)
    101,901 frames = 67.9 min | corpus now 21.02 h from 17 films
  fetching EveningsForSale1932Restored (3.37 GB)
    96,072 frames = 64.0 min | corpus now 22.09 h from 18 films
  fetching ParlorBedroomAndBathImageQualityUpgrade (1.00 GB)
    108,894 frames = 72.6 min | corpus now 23.30 h from 19 films
  fetching RomanceOfTheRedwoods (1.87 GB)
    136,727 frames = 91.2 min | corpus now 24.82 h from 20 films
  fetching RomanticComedyNightAtTheBijoudoubleFeature (2.29 GB)
    227,635 frames = 151.8 min | corpus now 27.35 h from 21 films
  fetching song_for_miss_julie (4.04 GB)
    100,790 frames = 67.2 min | corpus now 28.47 h from 22 films
  fetching the-river_1929 (2.78 GB)
    81,673 frames = 54.4 min | corpus now 29.38 h from 23 films
  fetching the-viking_1928 (4.23 GB)
    133,284 frames = 88.9 min | corpus now 30.86 h from 24 films
  fetching OneBodyTooManyJackHaleyBelaLugosiAppleTV2ndGen..mp4 (1.28 GB)
    113,588 frames = 75.7 min | corpus now 32.12 h from 25 films
  fetching the-lost-zeppelin-1929-fourtl (5.83 GB)
    109,154 frames = 72.8 min | corpus now 33.33 h from 26 films
  fetching suhaag-1994-dv-drip-xvi-d-mp-3-esubs-tmb (1.36 GB)
    240,188 frames = 160.1 min | corpus now 36.00 h from 27 films
  fetching the-killer-meteors-1976-jackie-chan-jimmy-wang-yu (1.62 GB)
    148,921 frames = 99.3 min | corpus now 37.66 h from 28 films
  fetching Detour_66 (1.79 GB)
    97,320 frames = 64.9 min | corpus now 38.74 h from 29 films
  fetching NightTide16x9CorrectedAudio (2.03 GB)
    131,414 frames = 87.6 min | corpus now 40.20 h from 30 films

corpus: 40.20 hours over 30 films, 33.7 GB downloaded and discarded
