initialised from ckpt/ibm1_implicit.pt: 34 fused sources
    visual_eeg: head warm-started from visual_contrastive_v2.pt (22 tensors)
  visual_eeg     10,271,372 params (3,840,000 kernel)
    audio_meg: head warm-started from audio_contrastive_v1.pt (22 tensors)
  audio_meg      16,695,788 params (3,840,000 kernel)
    video: head warm-started from video_fixedread.pt (20 tensors)
  video          10,386,414 params (3,840,000 kernel)
  audio_visual   12,501,204 params (3,840,000 kernel)
    visual_eeg_s00: head warm-started from visual_contrastive_v2.pt (22 tensors)
  visual_eeg_s00   10,271,372 params (3,840,000 kernel)
    visual_eeg_s01: head warm-started from visual_contrastive_v2.pt (22 tensors)
  visual_eeg_s01   10,271,372 params (3,840,000 kernel)
    visual_eeg_s02: head warm-started from visual_contrastive_v2.pt (22 tensors)
  visual_eeg_s02   10,271,372 params (3,840,000 kernel)
    visual_eeg_s03: head warm-started from visual_contrastive_v2.pt (22 tensors)
  visual_eeg_s03   10,271,372 params (3,840,000 kernel)
    visual_eeg_s04: head warm-started from visual_contrastive_v2.pt (22 tensors)
  visual_eeg_s04   10,271,372 params (3,840,000 kernel)
    visual_eeg_s05: head warm-started from visual_contrastive_v2.pt (22 tensors)
  visual_eeg_s05   10,271,372 params (3,840,000 kernel)
    visual_eeg_s06: head warm-started from visual_contrastive_v2.pt (22 tensors)
  visual_eeg_s06   10,271,372 params (3,840,000 kernel)
    visual_eeg_s07: head warm-started from visual_contrastive_v2.pt (22 tensors)
  visual_eeg_s07   10,271,372 params (3,840,000 kernel)
    visual_eeg_s08: head warm-started from visual_contrastive_v2.pt (22 tensors)
  visual_eeg_s08   10,271,372 params (3,840,000 kernel)
    visual_eeg_s09: head warm-started from visual_contrastive_v2.pt (22 tensors)
  visual_eeg_s09   10,271,372 params (3,840,000 kernel)
     0  visual_eeg top-1 26.75%+/-2.21 ( 53.5x) | audio_meg top-1  5.37%+/-1.11 ( 10.7x, ceiling 7.12%) | video skill vs persistence -0.4951 | audio_visual skill vs persistence -13.1564 | visual_eeg_s00 top-1  4.87%+/-1.19 (  9.7x) | visual_eeg_s01 top-1  4.12%+/-1.05 (  8.2x) | visual_eeg_s02 top-1  5.31%+/-1.68 ( 10.6x) | visual_eeg_s03 top-1  3.25%+/-1.12 (  6.5x) | visual_eeg_s04 top-1  4.00%+/-0.56 (  8.0x) | visual_eeg_s05 top-1  5.31%+/-1.12 ( 10.6x) | visual_eeg_s06 top-1  5.00%+/-0.90 ( 10.0x) | visual_eeg_s07 top-1  7.19%+/-1.09 ( 14.4x) | visual_eeg_s08 top-1  4.31%+/-0.97 (  8.6x) | visual_eeg_s09 top-1  6.37%+/-1.17 ( 12.7x)      65s
   500  consolidated 14 replicas   drift cos ['1.000', '0.995', '0.998', '0.964', '0.995', '0.993', '0.996', '0.993', '0.994', '0.996', '0.995', '0.996', '0.994', '0.996']
   500  visual_eeg top-1 29.12%+/-4.16 ( 58.2x) | audio_meg top-1  4.69%+/-1.46 (  9.4x, ceiling 7.12%) | video skill vs persistence -0.5163 | audio_visual skill vs persistence -4.5400 | visual_eeg_s00 top-1  6.63%+/-1.87 ( 13.3x) | visual_eeg_s01 top-1  4.81%+/-1.37 (  9.6x) | visual_eeg_s02 top-1  6.75%+/-2.09 ( 13.5x) | visual_eeg_s03 top-1  4.87%+/-1.34 (  9.7x) | visual_eeg_s04 top-1  4.87%+/-0.96 (  9.7x) | visual_eeg_s05 top-1  9.37%+/-0.96 ( 18.7x) | visual_eeg_s06 top-1  6.44%+/-1.49 ( 12.9x) | visual_eeg_s07 top-1  9.12%+/-1.88 ( 18.2x) | visual_eeg_s08 top-1  6.25%+/-1.60 ( 12.5x) | visual_eeg_s09 top-1  6.81%+/-1.60 ( 13.6x)     401s
  1000  consolidated 14 replicas   drift cos ['1.000', '0.998', '0.998', '0.943', '0.998', '0.998', '0.998', '0.998', '0.999', '0.999', '0.998', '0.998', '0.998', '0.999']
  1000  visual_eeg top-1 26.12%+/-2.86 ( 52.2x) | audio_meg top-1  5.44%+/-1.61 ( 10.9x, ceiling 7.12%) | video skill vs persistence -0.8444 | audio_visual skill vs persistence -4.9942 | visual_eeg_s00 top-1  9.56%+/-2.21 ( 19.1x) | visual_eeg_s01 top-1  5.56%+/-1.83 ( 11.1x) | visual_eeg_s02 top-1  6.44%+/-1.04 ( 12.9x) | visual_eeg_s03 top-1  4.44%+/-0.68 (  8.9x) | visual_eeg_s04 top-1  7.31%+/-1.39 ( 14.6x) | visual_eeg_s05 top-1  9.12%+/-1.69 ( 18.2x) | visual_eeg_s06 top-1  6.81%+/-1.22 ( 13.6x) | visual_eeg_s07 top-1 11.00%+/-2.09 ( 22.0x) | visual_eeg_s08 top-1  6.62%+/-1.45 ( 13.2x) | visual_eeg_s09 top-1  9.69%+/-1.64 ( 19.4x)     732s
  1500  consolidated 14 replicas   drift cos ['1.000', '0.996', '0.998', '0.979', '0.997', '0.998', '0.997', '0.997', '0.998', '0.997', '0.997', '0.998', '0.998', '0.998']
  1500  visual_eeg top-1 25.75%+/-2.38 ( 51.5x) | audio_meg top-1  4.94%+/-1.24 (  9.9x, ceiling 7.12%) | video skill vs persistence -0.3236 | audio_visual skill vs persistence -1.9850 | visual_eeg_s00 top-1  8.75%+/-2.50 ( 17.5x) | visual_eeg_s01 top-1  6.69%+/-1.48 ( 13.4x) | visual_eeg_s02 top-1  7.62%+/-1.52 ( 15.2x) | visual_eeg_s03 top-1  4.12%+/-1.47 (  8.2x) | visual_eeg_s04 top-1  7.12%+/-1.87 ( 14.2x) | visual_eeg_s05 top-1 10.37%+/-0.86 ( 20.7x) | visual_eeg_s06 top-1  8.56%+/-1.49 ( 17.1x) | visual_eeg_s07 top-1 11.75%+/-1.44 ( 23.5x) | visual_eeg_s08 top-1  7.50%+/-1.37 ( 15.0x) | visual_eeg_s09 top-1  9.75%+/-2.02 ( 19.5x)    1088s
  2000  consolidated 14 replicas   drift cos ['1.000', '0.997', '0.998', '0.984', '0.998', '0.998', '0.998', '0.998', '0.998', '0.998', '0.998', '0.998', '0.998', '0.998']
  2000  visual_eeg top-1 25.81%+/-2.05 ( 51.6x) | audio_meg top-1  4.37%+/-1.11 (  8.7x, ceiling 7.12%) | video skill vs persistence -0.3141 | audio_visual skill vs persistence -1.8314 | visual_eeg_s00 top-1  9.37%+/-2.34 ( 18.7x) | visual_eeg_s01 top-1  6.81%+/-1.54 ( 13.6x) | visual_eeg_s02 top-1  7.62%+/-2.26 ( 15.2x) | visual_eeg_s03 top-1  6.62%+/-1.52 ( 13.2x) | visual_eeg_s04 top-1  7.12%+/-2.07 ( 14.2x) | visual_eeg_s05 top-1 12.44%+/-0.73 ( 24.9x) | visual_eeg_s06 top-1  9.12%+/-2.64 ( 18.2x) | visual_eeg_s07 top-1 13.25%+/-2.15 ( 26.5x) | visual_eeg_s08 top-1  9.94%+/-2.48 ( 19.9x) | visual_eeg_s09 top-1 11.37%+/-1.45 ( 22.7x)    1457s
  2500  consolidated 14 replicas   drift cos ['1.000', '0.998', '0.998', '0.990', '0.998', '0.998', '0.998', '0.999', '0.998', '0.998', '0.998', '0.998', '0.998', '0.998']
  2500  visual_eeg top-1 24.25%+/-2.06 ( 48.5x) | audio_meg top-1  5.37%+/-1.32 ( 10.7x, ceiling 7.12%) | video skill vs persistence -0.5956 | audio_visual skill vs persistence -1.1695 | visual_eeg_s00 top-1 11.00%+/-1.75 ( 22.0x) | visual_eeg_s01 top-1  9.25%+/-1.27 ( 18.5x) | visual_eeg_s02 top-1  8.56%+/-1.69 ( 17.1x) | visual_eeg_s03 top-1  6.44%+/-0.95 ( 12.9x) | visual_eeg_s04 top-1  8.44%+/-0.88 ( 16.9x) | visual_eeg_s05 top-1 11.44%+/-0.53 ( 22.9x) | visual_eeg_s06 top-1  9.12%+/-2.27 ( 18.2x) | visual_eeg_s07 top-1 14.75%+/-1.09 ( 29.5x) | visual_eeg_s08 top-1  8.62%+/-2.57 ( 17.2x) | visual_eeg_s09 top-1 12.31%+/-1.66 ( 24.6x)    1828s
  3000  consolidated 14 replicas   drift cos ['1.000', '0.998', '0.998', '0.993', '0.998', '0.998', '0.998', '0.998', '0.998', '0.998', '0.998', '0.998', '0.998', '0.998']
  3000  visual_eeg top-1 27.87%+/-1.43 ( 55.7x) | audio_meg top-1  5.94%+/-1.07 ( 11.9x, ceiling 7.12%) | video skill vs persistence -0.3019 | audio_visual skill vs persistence -1.2132 | visual_eeg_s00 top-1 10.62%+/-1.65 ( 21.2x) | visual_eeg_s01 top-1  9.19%+/-1.85 ( 18.4x) | visual_eeg_s02 top-1  8.81%+/-0.97 ( 17.6x) | visual_eeg_s03 top-1  7.19%+/-1.75 ( 14.4x) | visual_eeg_s04 top-1  7.37%+/-1.34 ( 14.7x) | visual_eeg_s05 top-1 13.62%+/-2.15 ( 27.2x) | visual_eeg_s06 top-1  9.12%+/-1.17 ( 18.2x) | visual_eeg_s07 top-1 14.06%+/-2.36 ( 28.1x) | visual_eeg_s08 top-1  9.50%+/-1.66 ( 19.0x) | visual_eeg_s09 top-1 13.00%+/-1.98 ( 26.0x)    2199s
  3500  consolidated 14 replicas   drift cos ['1.000', '0.997', '0.998', '0.995', '0.998', '0.998', '0.998', '0.998', '0.998', '0.998', '0.998', '0.998', '0.998', '0.998']
  3500  visual_eeg top-1 28.56%+/-3.18 ( 57.1x) | audio_meg top-1  4.94%+/-1.04 (  9.9x, ceiling 7.12%) | video skill vs persistence -0.3411 | audio_visual skill vs persistence -1.2290 | visual_eeg_s00 top-1 12.31%+/-1.12 ( 24.6x) | visual_eeg_s01 top-1  9.44%+/-1.38 ( 18.9x) | visual_eeg_s02 top-1  9.69%+/-1.50 ( 19.4x) | visual_eeg_s03 top-1  5.81%+/-1.58 ( 11.6x) | visual_eeg_s04 top-1  7.62%+/-1.11 ( 15.2x) | visual_eeg_s05 top-1 13.94%+/-2.26 ( 27.9x) | visual_eeg_s06 top-1 10.19%+/-1.46 ( 20.4x) | visual_eeg_s07 top-1 15.69%+/-1.80 ( 31.4x) | visual_eeg_s08 top-1  7.94%+/-2.63 ( 15.9x) | visual_eeg_s09 top-1 15.31%+/-1.82 ( 30.6x)    2572s
  4000  consolidated 14 replicas   drift cos ['1.000', '0.997', '0.998', '0.992', '0.998', '0.998', '0.998', '0.998', '0.998', '0.998', '0.998', '0.998', '0.998', '0.998']
  4000  visual_eeg top-1 26.81%+/-2.24 ( 53.6x) | audio_meg top-1  5.62%+/-1.62 ( 11.2x, ceiling 7.12%) | video skill vs persistence -0.3064 | audio_visual skill vs persistence -0.7002 | visual_eeg_s00 top-1  9.44%+/-2.31 ( 18.9x) | visual_eeg_s01 top-1  9.19%+/-1.94 ( 18.4x) | visual_eeg_s02 top-1 10.25%+/-2.14 ( 20.5x) | visual_eeg_s03 top-1  7.00%+/-1.87 ( 14.0x) | visual_eeg_s04 top-1  8.25%+/-1.25 ( 16.5x) | visual_eeg_s05 top-1 13.00%+/-1.62 ( 26.0x) | visual_eeg_s06 top-1 10.12%+/-1.80 ( 20.2x) | visual_eeg_s07 top-1 16.37%+/-1.95 ( 32.7x) | visual_eeg_s08 top-1 10.00%+/-1.60 ( 20.0x) | visual_eeg_s09 top-1 13.19%+/-1.77 ( 26.4x)    2954s
  4500  consolidated 14 replicas   drift cos ['1.000', '0.998', '0.999', '0.994', '0.999', '0.999', '0.999', '0.999', '0.999', '0.999', '0.999', '0.999', '0.999', '0.999']
  4500  visual_eeg top-1 27.50%+/-3.56 ( 55.0x) | audio_meg top-1  5.25%+/-1.37 ( 10.5x, ceiling 7.12%) | video skill vs persistence -0.2974 | audio_visual skill vs persistence -1.2490 | visual_eeg_s00 top-1 12.75%+/-1.50 ( 25.5x) | visual_eeg_s01 top-1 11.06%+/-1.99 ( 22.1x) | visual_eeg_s02 top-1 10.75%+/-1.89 ( 21.5x) | visual_eeg_s03 top-1  6.69%+/-1.37 ( 13.4x) | visual_eeg_s04 top-1  9.19%+/-1.12 ( 18.4x) | visual_eeg_s05 top-1 12.31%+/-2.36 ( 24.6x) | visual_eeg_s06 top-1 10.50%+/-2.84 ( 21.0x) | visual_eeg_s07 top-1 15.44%+/-1.76 ( 30.9x) | visual_eeg_s08 top-1  9.56%+/-1.24 ( 19.1x) | visual_eeg_s09 top-1 12.69%+/-2.28 ( 25.4x)    3302s
  5000  consolidated 14 replicas   drift cos ['1.000', '0.998', '0.998', '0.995', '0.999', '0.999', '0.998', '0.999', '0.998', '0.999', '0.999', '0.999', '0.999', '0.999']
  5000  visual_eeg top-1 26.25%+/-2.15 ( 52.5x) | audio_meg top-1  5.50%+/-0.94 ( 11.0x, ceiling 7.12%) | video skill vs persistence -0.3607 | audio_visual skill vs persistence -1.7431 | visual_eeg_s00 top-1 12.50%+/-1.66 ( 25.0x) | visual_eeg_s01 top-1 11.69%+/-2.46 ( 23.4x) | visual_eeg_s02 top-1  8.94%+/-2.26 ( 17.9x) | visual_eeg_s03 top-1  6.56%+/-1.70 ( 13.1x) | visual_eeg_s04 top-1  8.06%+/-1.10 ( 16.1x) | visual_eeg_s05 top-1 13.81%+/-2.21 ( 27.6x) | visual_eeg_s06 top-1 11.62%+/-1.65 ( 23.2x) | visual_eeg_s07 top-1 16.25%+/-2.97 ( 32.5x) | visual_eeg_s08 top-1  9.00%+/-1.87 ( 18.0x) | visual_eeg_s09 top-1 13.75%+/-1.12 ( 27.5x)    3868s
  5500  consolidated 14 replicas   drift cos ['1.000', '0.998', '0.998', '0.993', '0.999', '0.999', '0.999', '0.999', '0.999', '0.999', '0.999', '0.999', '0.999', '0.999']
  5500  visual_eeg top-1 30.19%+/-4.06 ( 60.4x) | audio_meg top-1  5.87%+/-1.93 ( 11.7x, ceiling 7.12%) | video skill vs persistence -0.1543 | audio_visual skill vs persistence -0.7359 | visual_eeg_s00 top-1 13.25%+/-2.18 ( 26.5x) | visual_eeg_s01 top-1 12.06%+/-1.38 ( 24.1x) | visual_eeg_s02 top-1 11.25%+/-1.82 ( 22.5x) | visual_eeg_s03 top-1  6.62%+/-1.69 ( 13.2x) | visual_eeg_s04 top-1 10.00%+/-1.06 ( 20.0x) | visual_eeg_s05 top-1 15.69%+/-1.95 ( 31.4x) | visual_eeg_s06 top-1 10.50%+/-1.75 ( 21.0x) | visual_eeg_s07 top-1 17.56%+/-1.83 ( 35.1x) | visual_eeg_s08 top-1 11.44%+/-1.40 ( 22.9x) | visual_eeg_s09 top-1 15.19%+/-2.49 ( 30.4x)    4292s
  6000  consolidated 14 replicas   drift cos ['1.000', '0.998', '0.998', '0.996', '0.999', '0.999', '0.999', '0.999', '0.999', '0.999', '0.999', '0.999', '0.999', '0.999']
  6000  visual_eeg top-1 25.00%+/-2.06 ( 50.0x) | audio_meg top-1  5.56%+/-1.49 ( 11.1x, ceiling 7.12%) | video skill vs persistence -0.2431 | audio_visual skill vs persistence -1.7424 | visual_eeg_s00 top-1 13.31%+/-3.37 ( 26.6x) | visual_eeg_s01 top-1  9.44%+/-2.40 ( 18.9x) | visual_eeg_s02 top-1 11.12%+/-1.11 ( 22.2x) | visual_eeg_s03 top-1  6.25%+/-1.68 ( 12.5x) | visual_eeg_s04 top-1  8.56%+/-1.57 ( 17.1x) | visual_eeg_s05 top-1 15.19%+/-2.86 ( 30.4x) | visual_eeg_s06 top-1 12.75%+/-2.15 ( 25.5x) | visual_eeg_s07 top-1 17.25%+/-3.12 ( 34.5x) | visual_eeg_s08 top-1 10.75%+/-1.12 ( 21.5x) | visual_eeg_s09 top-1 13.56%+/-2.13 ( 27.1x)    4632s
  6500  consolidated 14 replicas   drift cos ['1.000', '0.998', '0.998', '0.994', '0.999', '0.999', '0.999', '0.999', '0.999', '0.999', '0.999', '0.999', '0.999', '0.999']
  6500  visual_eeg top-1 26.06%+/-2.58 ( 52.1x) | audio_meg top-1  5.81%+/-1.32 ( 11.6x, ceiling 7.12%) | video skill vs persistence -0.3864 | audio_visual skill vs persistence -0.9995 | visual_eeg_s00 top-1 11.31%+/-2.33 ( 22.6x) | visual_eeg_s01 top-1  9.56%+/-1.74 ( 19.1x) | visual_eeg_s02 top-1 11.62%+/-2.55 ( 23.2x) | visual_eeg_s03 top-1  7.87%+/-2.19 ( 15.7x) | visual_eeg_s04 top-1  9.12%+/-2.50 ( 18.2x) | visual_eeg_s05 top-1 12.87%+/-1.52 ( 25.7x) | visual_eeg_s06 top-1 11.06%+/-1.69 ( 22.1x) | visual_eeg_s07 top-1 15.62%+/-1.17 ( 31.2x) | visual_eeg_s08 top-1 12.00%+/-1.73 ( 24.0x) | visual_eeg_s09 top-1 16.00%+/-2.28 ( 32.0x)    4956s
  7000  consolidated 14 replicas   drift cos ['1.000', '0.998', '0.998', '0.997', '0.999', '0.999', '0.999', '0.999', '0.999', '0.999', '0.999', '0.999', '0.999', '0.999']
  7000  visual_eeg top-1 26.37%+/-3.08 ( 52.7x) | audio_meg top-1  4.87%+/-0.86 (  9.7x, ceiling 7.12%) | video skill vs persistence -0.3676 | audio_visual skill vs persistence -2.7806 | visual_eeg_s00 top-1 14.00%+/-2.06 ( 28.0x) | visual_eeg_s01 top-1 12.00%+/-2.62 ( 24.0x) | visual_eeg_s02 top-1 11.87%+/-1.11 ( 23.7x) | visual_eeg_s03 top-1  6.87%+/-1.75 ( 13.7x) | visual_eeg_s04 top-1 10.00%+/-1.62 ( 20.0x) | visual_eeg_s05 top-1 13.87%+/-1.73 ( 27.7x) | visual_eeg_s06 top-1 12.81%+/-1.87 ( 25.6x) | visual_eeg_s07 top-1 14.62%+/-1.78 ( 29.2x) | visual_eeg_s08 top-1 10.12%+/-1.19 ( 20.2x) | visual_eeg_s09 top-1 15.31%+/-2.16 ( 30.6x)    5289s
  7500  consolidated 14 replicas   drift cos ['1.000', '0.998', '0.998', '0.996', '0.999', '0.999', '0.999', '0.999', '0.999', '0.999', '0.999', '0.999', '0.999', '0.999']
  7500  visual_eeg top-1 28.37%+/-2.87 ( 56.7x) | audio_meg top-1  5.19%+/-0.86 ( 10.4x, ceiling 7.12%) | video skill vs persistence -0.4189 | audio_visual skill vs persistence -3.0442 | visual_eeg_s00 top-1 14.69%+/-1.95 ( 29.4x) | visual_eeg_s01 top-1 10.25%+/-1.87 ( 20.5x) | visual_eeg_s02 top-1 10.94%+/-2.30 ( 21.9x) | visual_eeg_s03 top-1  7.69%+/-1.71 ( 15.4x) | visual_eeg_s04 top-1 10.19%+/-1.75 ( 20.4x) | visual_eeg_s05 top-1 14.62%+/-1.88 ( 29.2x) | visual_eeg_s06 top-1 12.75%+/-3.21 ( 25.5x) | visual_eeg_s07 top-1 16.62%+/-2.09 ( 33.2x) | visual_eeg_s08 top-1 10.94%+/-1.93 ( 21.9x) | visual_eeg_s09 top-1 16.06%+/-1.24 ( 32.1x)    5614s
  8000  consolidated 14 replicas   drift cos ['1.000', '0.998', '0.998', '0.997', '0.999', '0.999', '0.999', '0.998', '0.999', '0.999', '0.999', '0.998', '0.998', '0.999']
  8000  visual_eeg top-1 27.19%+/-2.01 ( 54.4x) | audio_meg top-1  5.75%+/-1.54 ( 11.5x, ceiling 7.12%) | video skill vs persistence -0.5597 | audio_visual skill vs persistence -2.2118 | visual_eeg_s00 top-1 12.37%+/-2.47 ( 24.7x) | visual_eeg_s01 top-1 12.62%+/-2.00 ( 25.2x) | visual_eeg_s02 top-1 10.19%+/-1.98 ( 20.4x) | visual_eeg_s03 top-1  6.31%+/-1.78 ( 12.6x) | visual_eeg_s04 top-1 10.75%+/-2.14 ( 21.5x) | visual_eeg_s05 top-1 14.00%+/-2.93 ( 28.0x) | visual_eeg_s06 top-1 13.69%+/-2.57 ( 27.4x) | visual_eeg_s07 top-1 19.56%+/-2.64 ( 39.1x) | visual_eeg_s08 top-1 10.56%+/-2.87 ( 21.1x) | visual_eeg_s09 top-1 15.75%+/-1.77 ( 31.5x)    5970s
  8500  consolidated 14 replicas   drift cos ['1.000', '0.998', '0.998', '0.998', '0.999', '0.999', '0.999', '0.999', '0.999', '0.999', '0.999', '0.999', '0.999', '0.999']
