initialised from ckpt/ibm1_implicit.pt: 34 fused sources
    visual_eeg: head warm-started from visual_contrastive_v2.pt (22 tensors)
  visual_eeg     10,271,372 params (3,840,000 kernel)
    audio_meg: head warm-started from audio_contrastive_v1.pt (22 tensors)
  audio_meg      16,695,788 params (3,840,000 kernel)
    video: head warm-started from video_fixedread.pt (20 tensors)
  video          10,386,414 params (3,840,000 kernel)
  audio_visual   12,501,204 params (3,840,000 kernel)
  optic_nerve    16,744,163 params (3,840,000 kernel)
  cochlear_nerve   21,917,190 params (3,840,000 kernel)
    visual_eeg_s00: head warm-started from visual_contrastive_v2.pt (22 tensors)
  visual_eeg_s00   10,271,372 params (3,840,000 kernel)
    visual_eeg_s01: head warm-started from visual_contrastive_v2.pt (22 tensors)
  visual_eeg_s01   10,271,372 params (3,840,000 kernel)
    visual_eeg_s02: head warm-started from visual_contrastive_v2.pt (22 tensors)
  visual_eeg_s02   10,271,372 params (3,840,000 kernel)
    visual_eeg_s03: head warm-started from visual_contrastive_v2.pt (22 tensors)
  visual_eeg_s03   10,271,372 params (3,840,000 kernel)
    visual_eeg_s04: head warm-started from visual_contrastive_v2.pt (22 tensors)
  visual_eeg_s04   10,271,372 params (3,840,000 kernel)
    visual_eeg_s05: head warm-started from visual_contrastive_v2.pt (22 tensors)
  visual_eeg_s05   10,271,372 params (3,840,000 kernel)
    visual_eeg_s06: head warm-started from visual_contrastive_v2.pt (22 tensors)
  visual_eeg_s06   10,271,372 params (3,840,000 kernel)
    visual_eeg_s07: head warm-started from visual_contrastive_v2.pt (22 tensors)
  visual_eeg_s07   10,271,372 params (3,840,000 kernel)
    visual_eeg_s08: head warm-started from visual_contrastive_v2.pt (22 tensors)
  visual_eeg_s08   10,271,372 params (3,840,000 kernel)
    visual_eeg_s09: head warm-started from visual_contrastive_v2.pt (22 tensors)
  visual_eeg_s09   10,271,372 params (3,840,000 kernel)
     0  visual_eeg top-1 26.75%+/-2.21 ( 53.5x) | audio_meg top-1  5.37%+/-1.11 ( 10.7x, ceiling 7.12%) | video skill vs persistence -0.4951 | audio_visual skill vs persistence -13.6170 | optic_nerve top-1  0.50%+/-0.00 (  1.0x)  COLLAPSED | cochlear_nerve top-1  0.50%+/-0.00 (  1.0x, ceiling 7.12%)  COLLAPSED | visual_eeg_s00 top-1  4.87%+/-1.19 (  9.7x) | visual_eeg_s01 top-1  4.12%+/-1.05 (  8.2x) | visual_eeg_s02 top-1  5.31%+/-1.68 ( 10.6x) | visual_eeg_s03 top-1  3.25%+/-1.12 (  6.5x) | visual_eeg_s04 top-1  4.00%+/-0.56 (  8.0x) | visual_eeg_s05 top-1  5.31%+/-1.12 ( 10.6x) | visual_eeg_s06 top-1  5.00%+/-0.90 ( 10.0x) | visual_eeg_s07 top-1  7.19%+/-1.09 ( 14.4x) | visual_eeg_s08 top-1  4.31%+/-0.97 (  8.6x) | visual_eeg_s09 top-1  6.37%+/-1.17 ( 12.7x)     139s
   500  consolidated 16 replicas   drift cos ['1.000', '0.997', '0.998', '0.979', '0.996', '0.997', '0.996', '0.996', '0.996', '0.994', '0.996', '0.996', '0.997', '0.997', '0.995', '0.997']
   500  visual_eeg top-1 29.50%+/-2.72 ( 59.0x) | audio_meg top-1  5.19%+/-1.30 ( 10.4x, ceiling 7.12%) | video skill vs persistence -0.3835 | audio_visual skill vs persistence -5.2264 | optic_nerve top-1  0.50%+/-0.00 (  1.0x)  COLLAPSED | cochlear_nerve top-1  0.50%+/-0.00 (  1.0x, ceiling 7.12%)  COLLAPSED | visual_eeg_s00 top-1  7.50%+/-0.87 ( 15.0x) | visual_eeg_s01 top-1  4.94%+/-1.26 (  9.9x) | visual_eeg_s02 top-1  6.75%+/-2.06 ( 13.5x) | visual_eeg_s03 top-1  5.06%+/-0.98 ( 10.1x) | visual_eeg_s04 top-1  4.31%+/-1.60 (  8.6x) | visual_eeg_s05 top-1  8.31%+/-1.03 ( 16.6x) | visual_eeg_s06 top-1  5.75%+/-2.63 ( 11.5x) | visual_eeg_s07 top-1  9.25%+/-2.36 ( 18.5x) | visual_eeg_s08 top-1  5.44%+/-2.13 ( 10.9x) | visual_eeg_s09 top-1  6.31%+/-1.73 ( 12.6x)     876s
