http://mocap.cs.cmu.edu/allasfamc.zip
  advertised 1,083,549,385 bytes
  1,048,576 / 1,083,549,385  (0.1%)  0.7 MB/s
  9,437,184 / 1,083,549,385  (0.9%)  0.6 MB/s
  16,777,216 / 1,083,549,385  (1.5%)  0.7 MB/s
  23,068,672 / 1,083,549,385  (2.1%)  0.6 MB/s
  29,360,128 / 1,083,549,385  (2.7%)  0.6 MB/s
  34,603,008 / 1,083,549,385  (3.2%)  0.6 MB/s
  41,943,040 / 1,083,549,385  (3.9%)  0.6 MB/s
  47,185,920 / 1,083,549,385  (4.4%)  0.6 MB/s
  55,574,528 / 1,083,549,385  (5.1%)  0.6 MB/s
  60,817,408 / 1,083,549,385  (5.6%)  0.6 MB/s
  68,157,440 / 1,083,549,385  (6.3%)  0.6 MB/s
  72,351,744 / 1,083,549,385  (6.7%)  0.6 MB/s
  75,497,472 / 1,083,549,385  (7.0%)  0.5 MB/s
  82,837,504 / 1,083,549,385  (7.6%)  0.6 MB/s
  89,128,960 / 1,083,549,385  (8.2%)  0.6 MB/s
  96,468,992 / 1,083,549,385  (8.9%)  0.6 MB/s
  102,760,448 / 1,083,549,385  (9.5%)  0.6 MB/s
  108,003,328 / 1,083,549,385  (10.0%)  0.5 MB/s
  112,197,632 / 1,083,549,385  (10.4%)  0.5 MB/s
  122,683,392 / 1,083,549,385  (11.3%)  0.6 MB/s
  130,023,424 / 1,083,549,385  (12.0%)  0.6 MB/s
  141,557,760 / 1,083,549,385  (13.1%)  0.6 MB/s
  153,092,096 / 1,083,549,385  (14.1%)  0.6 MB/s
  162,529,280 / 1,083,549,385  (15.0%)  0.6 MB/s
  176,160,768 / 1,083,549,385  (16.3%)  0.6 MB/s
  191,889,408 / 1,083,549,385  (17.7%)  0.7 MB/s
  200,278,016 / 1,083,549,385  (18.5%)  0.7 MB/s
  210,763,776 / 1,083,549,385  (19.5%)  0.7 MB/s
  224,395,264 / 1,083,549,385  (20.7%)  0.7 MB/s
  236,978,176 / 1,083,549,385  (21.9%)  0.7 MB/s
  250,609,664 / 1,083,549,385  (23.1%)  0.7 MB/s
  258,998,272 / 1,083,549,385  (23.9%)  0.7 MB/s
  269,484,032 / 1,083,549,385  (24.9%)  0.8 MB/s
  287,309,824 / 1,083,549,385  (26.5%)  0.8 MB/s
  301,989,888 / 1,083,549,385  (27.9%)  0.8 MB/s
  317,718,528 / 1,083,549,385  (29.3%)  0.8 MB/s
  328,204,288 / 1,083,549,385  (30.3%)  0.8 MB/s
  336,592,896 / 1,083,549,385  (31.1%)  0.8 MB/s
  343,932,928 / 1,083,549,385  (31.7%)  0.8 MB/s
  364,904,448 / 1,083,549,385  (33.7%)  0.8 MB/s
  375,390,208 / 1,083,549,385  (34.6%)  0.9 MB/s
  383,778,816 / 1,083,549,385  (35.4%)  0.8 MB/s
  395,313,152 / 1,083,549,385  (36.5%)  0.9 MB/s
  409,993,216 / 1,083,549,385  (37.8%)  0.9 MB/s
  420,478,976 / 1,083,549,385  (38.8%)  0.9 MB/s
  429,916,160 / 1,083,549,385  (39.7%)  0.9 MB/s
  447,741,952 / 1,083,549,385  (41.3%)  0.9 MB/s
  457,179,136 / 1,083,549,385  (42.2%)  0.9 MB/s
  471,859,200 / 1,083,549,385  (43.5%)  0.9 MB/s
  483,393,536 / 1,083,549,385  (44.6%)  0.9 MB/s
  492,830,720 / 1,083,549,385  (45.5%)  0.9 MB/s
  502,267,904 / 1,083,549,385  (46.4%)  0.9 MB/s
  513,802,240 / 1,083,549,385  (47.4%)  0.9 MB/s
  524,288,000 / 1,083,549,385  (48.4%)  0.9 MB/s
  541,065,216 / 1,083,549,385  (49.9%)  0.9 MB/s
  548,405,248 / 1,083,549,385  (50.6%)  0.9 MB/s
  560,988,160 / 1,083,549,385  (51.8%)  0.9 MB/s
  568,328,192 / 1,083,549,385  (52.5%)  0.9 MB/s
  577,765,376 / 1,083,549,385  (53.3%)  0.9 MB/s
  588,251,136 / 1,083,549,385  (54.3%)  0.9 MB/s
  595,591,168 / 1,083,549,385  (55.0%)  0.9 MB/s
  603,979,776 / 1,083,549,385  (55.7%)  0.9 MB/s
  610,271,232 / 1,083,549,385  (56.3%)  0.9 MB/s
  615,514,112 / 1,083,549,385  (56.8%)  0.9 MB/s
  621,805,568 / 1,083,549,385  (57.4%)  0.9 MB/s
  630,194,176 / 1,083,549,385  (58.2%)  0.9 MB/s
  638,582,784 / 1,083,549,385  (58.9%)  0.9 MB/s
  649,068,544 / 1,083,549,385  (59.9%)  0.9 MB/s
  656,408,576 / 1,083,549,385  (60.6%)  0.9 MB/s
  662,700,032 / 1,083,549,385  (61.2%)  0.9 MB/s
  666,894,336 / 1,083,549,385  (61.5%)  0.9 MB/s
  675,282,944 / 1,083,549,385  (62.3%)  0.9 MB/s
  680,525,824 / 1,083,549,385  (62.8%)  0.9 MB/s
  686,817,280 / 1,083,549,385  (63.4%)  0.9 MB/s
  691,011,584 / 1,083,549,385  (63.8%)  0.9 MB/s
  697,303,040 / 1,083,549,385  (64.4%)  0.9 MB/s
  703,594,496 / 1,083,549,385  (64.9%)  0.9 MB/s
  710,934,528 / 1,083,549,385  (65.6%)  0.8 MB/s
  718,274,560 / 1,083,549,385  (66.3%)  0.8 MB/s
  724,566,016 / 1,083,549,385  (66.9%)  0.8 MB/s
  730,857,472 / 1,083,549,385  (67.5%)  0.8 MB/s
  739,246,080 / 1,083,549,385  (68.2%)  0.8 MB/s
  744,488,960 / 1,083,549,385  (68.7%)  0.8 MB/s
  750,780,416 / 1,083,549,385  (69.3%)  0.8 MB/s
  757,071,872 / 1,083,549,385  (69.9%)  0.8 MB/s
  761,266,176 / 1,083,549,385  (70.3%)  0.8 MB/s
  767,557,632 / 1,083,549,385  (70.8%)  0.8 MB/s
  775,946,240 / 1,083,549,385  (71.6%)  0.8 MB/s
  784,334,848 / 1,083,549,385  (72.4%)  0.8 MB/s
  792,723,456 / 1,083,549,385  (73.2%)  0.8 MB/s
  801,112,064 / 1,083,549,385  (73.9%)  0.8 MB/s
  807,403,520 / 1,083,549,385  (74.5%)  0.8 MB/s
  812,646,400 / 1,083,549,385  (75.0%)  0.8 MB/s
  817,889,280 / 1,083,549,385  (75.5%)  0.8 MB/s
  823,132,160 / 1,083,549,385  (76.0%)  0.8 MB/s
  827,326,464 / 1,083,549,385  (76.4%)  0.8 MB/s
  833,617,920 / 1,083,549,385  (76.9%)  0.8 MB/s
  838,860,800 / 1,083,549,385  (77.4%)  0.8 MB/s
  843,055,104 / 1,083,549,385  (77.8%)  0.8 MB/s
  849,346,560 / 1,083,549,385  (78.4%)  0.8 MB/s
  855,638,016 / 1,083,549,385  (79.0%)  0.8 MB/s
  860,880,896 / 1,083,549,385  (79.5%)  0.8 MB/s
  864,026,624 / 1,083,549,385  (79.7%)  0.8 MB/s
  869,269,504 / 1,083,549,385  (80.2%)  0.8 MB/s
  875,560,960 / 1,083,549,385  (80.8%)  0.8 MB/s
  880,803,840 / 1,083,549,385  (81.3%)  0.8 MB/s
  886,046,720 / 1,083,549,385  (81.8%)  0.8 MB/s
  895,483,904 / 1,083,549,385  (82.6%)  0.8 MB/s
  902,823,936 / 1,083,549,385  (83.3%)  0.8 MB/s
  910,163,968 / 1,083,549,385  (84.0%)  0.8 MB/s
  919,601,152 / 1,083,549,385  (84.9%)  0.8 MB/s
  929,038,336 / 1,083,549,385  (85.7%)  0.8 MB/s
  937,426,944 / 1,083,549,385  (86.5%)  0.8 MB/s
  944,766,976 / 1,083,549,385  (87.2%)  0.8 MB/s
  953,155,584 / 1,083,549,385  (88.0%)  0.8 MB/s
  962,592,768 / 1,083,549,385  (88.8%)  0.8 MB/s
  974,127,104 / 1,083,549,385  (89.9%)  0.8 MB/s
  981,467,136 / 1,083,549,385  (90.6%)  0.8 MB/s
  989,855,744 / 1,083,549,385  (91.4%)  0.8 MB/s
  1,001,390,080 / 1,083,549,385  (92.4%)  0.8 MB/s
  1,011,875,840 / 1,083,549,385  (93.4%)  0.8 MB/s
  1,018,167,296 / 1,083,549,385  (94.0%)  0.8 MB/s
  1,030,750,208 / 1,083,549,385  (95.1%)  0.8 MB/s
  1,040,187,392 / 1,083,549,385  (96.0%)  0.8 MB/s
  1,059,061,760 / 1,083,549,385  (97.7%)  0.8 MB/s
  1,070,596,096 / 1,083,549,385  (98.8%)  0.8 MB/s
  1,083,179,008 / 1,083,549,385  (100.0%)  0.8 MB/s
fetched 1,083,549,385 bytes

md5 0285d9e6cd438cdb513de8079588427e   (recorded here; CMU publishes no checksum, so this is what we received,
            not a verification against the provider)
archive: 2,740 entries, 112 .asf skeletons, 2,514 .amc trials, 112 subjects by filename

KNOWN ANSWER against the card, written before the fetch:
  subjects     112 against the card's 144 (equal)  MISMATCH
  trials     2,514 against the card's 2,600 (at least)  MISMATCH

  MISMATCH is reported, not absorbed: one of the archive and the card is wrong,
  and a count that agrees with what you already believed is the one nobody checks.

wrote /home/brandonin/Documents/IBM-1/data/sources/cmu-mocap/evidence/acquisition.json
