4983 pairs at horizon 60s, protocol split (3555 train / 1428 test) over 7 sequences, holding out exertion_v3/meal_exercise, six_hour_v4/hydration; 15 channels -> 5 targets (endurance_h, discomfort, sensation_0, sensation_1, sensation_2)

sanity gates PASSED
  every baseline predictor scores exactly 0 against itself (worst 0.0e+00)
  the exactly-linear target prints 1.000000, and must print 1.000000 -- `discomfort` is an affine function of the fifteen rates, so a ridge has to recover it.  that it does is also WHY discomfort and sensation are scored against persistence and not the mean.

baseline MSE on the held-out split, raw units:
  endurance_h    zero  1492.470703  mean    54.728985  persistence    11.246545   baseline of record: mean   (NOT an afferent channel; must be inferred)
  discomfort     zero     0.024804  mean     0.004632  persistence     0.000512   baseline of record: persistence   (derived from the afference)
  sensation_0    zero     3.051840  mean     3.045955  persistence     0.057569   baseline of record: persistence   (derived from the afference)
  sensation_1    zero     4.000450  mean     3.994400  persistence     0.152688   baseline of record: persistence   (derived from the afference)
  sensation_2    zero     1.192772  mean     1.193259  persistence     0.043446   baseline of record: persistence   (derived from the afference)

  endurance: persistence MSE 1.125e+01 against a held-out variance of 54.729, ratio 2.05e-01.
    endurance moves enough on this split for persistence to be an ordinary baseline; both ratios are reported for it, and the headline stays the mean because that is the inference question.

  arm                        state = endurance skill vs MEAN; traj = mean skill vs PERSISTENCE over the four afference-derived
                             targets; |dz| = predicted change magnitude / true change magnitude (ledger 14: a model that
                             emits persistence scores 0 skill and |dz| ~ 0, and the loss cannot tell you which)

  ridge_no_dynamics          state +0.4956  traj -0.0094  |dz|  0.78  endurance_h=+0.496 discomfort=+0.554 s0=-0.202 s1=+0.250 s2=-0.640
  mlp_no_dynamics            state -0.2225  traj -4.7140  |dz|  2.29  endurance_h=-0.223 discomfort=-3.720 s0=-4.382 s1=-0.839 s2=-9.915
  mlp_matched_samples        state +0.5570  traj -1.5009  |dz|  1.43  endurance_h=+0.557 discomfort=-1.448 s0=-3.954 s1=+0.225 s2=-0.826

  training the cortical arms (300 steps each, seed 0 matched)
    trained step    0  train mse 8.02750     10s
    trained step   37  train mse 1.42594    153s
    trained step   74  train mse 0.63929    298s
    trained step  111  train mse 0.25507    448s
    trained step  148  train mse 0.42071    585s
    trained step  185  train mse 0.10790    686s
    trained step  222  train mse 0.23765    791s
    trained step  259  train mse 0.10524    922s
    trained step  296  train mse 0.16496    998s

InteroceptiveLoop: 15 channels in 7 conduction groups -> 357 sites (20% of the 1,743 frontal sites, the insula+ACC share of cortex) -> 5 outputs
  dt 0.01s x 4 substeps, 59 steps (590 ms of afference)
  greater_splanchnic   c        2 ch    168.4 ms -> step  17
  least_splanchnic     c        1 ch    232.2 ms -> step  23
  lesser_splanchnic    c        1 ch    217.2 ms -> step  22
  pelvic_splanchnic    c        1 ch    128.0 ms -> step  13
  vagus                abeta    4 ch      9.2 ms -> step   1
  vagus                c        5 ch    507.8 ms -> step  51
  vagus                adelta   1 ch     33.9 ms -> step   3
  port: insula and anterior cingulate are NOT separable on the six-label spherical proxy `cortical_regions` provides (occipital, temporal, parietal, frontal, precentral, postcentral); a sphere has no lateral sulcus.  the drive enters the `frontal` label, the declared region nearest anterior insula and ACC.  the DK parcellation in ibm/anatomy/systems.py DOES declare insula, rostralanteriorcingulate and caudalanteriorcingulate, so a materialization built through ibm/materialize/build.py has the real target and this substitution ends there.

  cortex_trained             state +0.5463  traj -2.7761  |dz|  1.76  endurance_h=+0.546 discomfort=-0.539 s0=-4.410 s1=-0.618 s2=-5.539
  cortex_severed_posthoc     state +0.5520  traj -2.7861  |dz|  1.76  endurance_h=+0.552 discomfort=-0.514 s0=-4.508 s1=-0.581 s2=-5.542
  cortex_permuted_posthoc    state +0.5519  traj -2.7960  |dz|  1.76  endurance_h=+0.552 discomfort=-0.478 s0=-4.394 s1=-0.594 s2=-5.718
  drop_greater_splanchnic_c  state +0.5473  traj -7.9439  |dz|  2.62  endurance_h=+0.547 discomfort=-1.185 s0=-4.982 s1=-2.511 s2=-23.097
  drop_least_splanchnic_c    state +0.5508  traj -2.6007  |dz|  1.71  endurance_h=+0.551 discomfort=-0.551 s0=-3.869 s1=-0.530 s2=-5.453
  drop_lesser_splanchnic_c   state +0.5839  traj -4.5925  |dz|  2.19  endurance_h=+0.584 discomfort=-0.924 s0=-9.676 s1=-0.795 s2=-6.975
  drop_pelvic_splanchnic_c   state +0.5570  traj -5.4188  |dz|  2.25  endurance_h=+0.557 discomfort=-0.550 s0=-5.294 s1=-1.271 s2=-14.560
  drop_vagus_abeta           state +0.4246  traj -5.5904  |dz|  2.47  endurance_h=+0.425 discomfort=-0.542 s0=-3.320 s1=-9.391 s2=-9.108
  drop_vagus_c               state +0.1687  traj -11.3604  |dz|  3.20  endurance_h=+0.169 discomfort=-4.255 s0=-14.097 s1=-0.980 s2=-26.110
  drop_vagus_adelta          state +0.5518  traj -7.3426  |dz|  2.54  endurance_h=+0.552 discomfort=-1.173 s0=-19.765 s1=-0.661 s2=-7.772
  drop_all_c_fibres          state +0.2293  traj -15.9427  |dz|  3.92  endurance_h=+0.229 discomfort=-5.823 s0=-17.821 s1=-6.205 s2=-33.922
  drop_all_myelinated        state +0.4396  traj -12.3935  |dz|  3.50  endurance_h=+0.440 discomfort=-1.423 s0=-26.214 s1=-10.032 s2=-11.905
    permuted step    0  train mse 8.03158      3s
    permuted step   37  train mse 1.17584     69s
    permuted step   74  train mse 0.61660    132s
    permuted step  111  train mse 0.21971    196s
    permuted step  148  train mse 0.24830    258s
    permuted step  185  train mse 0.21445    320s
    permuted step  222  train mse 0.12941    382s
    permuted step  259  train mse 0.16016    449s
    permuted step  296  train mse 0.16021    511s
  cortex_permuted_retrained  state +0.5703  traj -4.9982  |dz|  2.33  endurance_h=+0.570 discomfort=-1.548 s0=-7.600 s1=-8.805 s2=-2.040
    no_c_fibres step    0  train mse 7.98782      2s
    no_c_fibres step   37  train mse 1.46496     64s
    no_c_fibres step   74  train mse 0.93115    127s
    no_c_fibres step  111  train mse 0.91372    189s
    no_c_fibres step  148  train mse 0.51544    251s
    no_c_fibres step  185  train mse 0.75111    314s
    no_c_fibres step  222  train mse 0.68162    376s
    no_c_fibres step  259  train mse 0.47332    438s
    no_c_fibres step  296  train mse 0.31568    500s
  cortex_trained_without_c   state +0.4854  traj -20.6487  |dz|  4.40  endurance_h=+0.485 discomfort=-6.615 s0=-22.789 s1=-8.994 s2=-44.196

wrote out/intero_ablation.json

what this says:
  STATE (can the afference report unobserved substrate?)  cortex +0.5463   ridge +0.4956   MLP -0.2225
  TRAJECTORY (does it predict where the state is going?)  cortex -2.7761   ridge -0.0094   MLP -4.7140
  severing the kernel post hoc costs -0.0058 on state; a permuted kernel RETRAINED reaches +0.5703 (-0.0240 behind trained).
  removing every unmyelinated group and retraining costs +0.0609 on state and +17.8726 on trajectory.  those five C-fibre channels are the slow chemical and nociceptive arm, and they are the half of visceral afference that arrives 168-508 ms after the mechanical half.
