[9/121] sub-016  EXCLUDED  ValueError: artefact rejection kept only 120/242 segments (49.6%, below 50%)
[93/121] sub-118  EXCLUDED  ValueError: artefact rejection kept only 113/237 segments (47.7%, below 50%)
[119/121] sub-147    5.7s  alpha 10.04 Hz / +0.744  mu  8.95 Hz / +0.589  exp 1.18  theta +0.588  beta +0.485  rej  8.9%
[120/121] sub-148    3.3s  alpha 10.53 Hz / +0.314  mu 11.27 Hz / +0.786  exp 0.65  theta -0.102  beta +0.178  rej  0.8%
[121/121] sub-149    8.2s  alpha 11.62 Hz / +0.728  mu 11.88 Hz / +0.460  exp 0.67  theta +0.143  beta +0.146  rej 29.4%

====================================================================================================
ds008037 resting EEG -- 119 subjects measured (59 declaration, 60 held out) of 121
====================================================================================================
quantity                                           mean       SE 95% CI (bootstrap over SUBJECTS)       10-90 decl   cover
1. occipital alpha peak (Hz)                     9.9996   0.0710    [   9.8610,   10.1371]   [9.202,11.114]     73%
1. occipital alpha prominence (decades)          0.4128   0.0361    [   0.3435,    0.4834]   [-0.055,0.892]     70%
1. occipital alpha relative power                0.2166   0.0146    [   0.1887,    0.2463]    [0.051,0.419]     77%
2. sensorimotor mu peak (Hz)                    10.0616   0.0720    [   9.9240,   10.2006]   [9.113,11.188]     73%
2. sensorimotor mu prominence (decades)          0.4759   0.0334    [   0.4107,    0.5410]    [0.059,0.957]     70%
2. sensorimotor mu relative power                0.2599   0.0141    [   0.2326,    0.2879]    [0.097,0.499]     75%
3. aperiodic exponent, global                    1.2243   0.0367    [   1.1528,    1.2978]    [0.729,1.803]     82%
3. aperiodic exponent, occipital                 1.3259   0.0397    [   1.2479,    1.4027]    [0.825,1.926]     83%
3. aperiodic exponent, sensorimotor              1.3935   0.0272    [   1.3387,    1.4463]    [1.094,1.780]     83%
3. aperiodic exponent, frontal midline           1.5416   0.0258    [   1.4910,    1.5918]    [1.300,1.923]     73%
3. exponent, catalogue's own exclusions          1.1961   0.0396    [   1.1173,    1.2732]    [0.656,1.789]     78%
3s. exponent, global, 1-20 Hz only               1.2740   0.0434    [   1.1899,    1.3591]    [0.756,1.934]     75%
3s. exponent, global, 20-45 Hz only              1.3321   0.0637    [   1.2084,    1.4594]    [0.489,2.252]     78%
3s. exponent, occipital, 1-20 Hz only            1.1447   0.0408    [   1.0665,    1.2255]    [0.746,1.807]     70%
3s. exponent, sensorimotor, 1-20 Hz only         0.9789   0.0355    [   0.9094,    1.0491]    [0.529,1.622]     82%
3s. exponent, frontal midline, 1-20 Hz only      1.2067   0.0347    [   1.1386,    1.2742]    [0.745,1.729]     80%
4. frontal-midline theta prominence (decades)    0.0728   0.0169    [   0.0403,    0.1064]   [-0.155,0.260]     80%
4. frontal-midline theta peak (Hz)               5.8300   0.0893    [   5.6590,    6.0089]    [4.612,7.210]     80%
5. posterior beta prominence (decades)           0.1776   0.0197    [   0.1387,    0.2163]   [-0.080,0.450]     70%
5. posterior beta peak (Hz)                     16.1824   0.1888    [  15.8241,   16.5626]  [13.801,18.525]     82%
5. posterior beta relative power                 0.1215   0.0065    [   0.1092,    0.1343]    [0.043,0.203]     80%
d. 50 Hz line peak (Hz)                         49.9589   0.0083    [  49.9417,   49.9741]  [49.865,50.019]     87%
d. segments rejected (fraction)                  0.1161   0.0096    [   0.0981,    0.1353]    [0.008,0.266]     83%

DIAGNOSTICS -- what else these numbers move with (Pearson r over subjects, 95% CI bootstrapped over subjects)
  r(segments rejected                     , occ_alpha_prominence    ) = -0.061  [-0.240, +0.125]
  r(segments rejected                     , occ_alpha_peak_hz       ) = +0.034  [-0.152, +0.211]
  r(segments rejected                     , smr_mu_prominence       ) = -0.151  [-0.324, +0.031]
  r(segments rejected                     , smr_mu_peak_hz          ) = +0.083  [-0.108, +0.268]
  r(segments rejected                     , exponent_global         ) = -0.135  [-0.324, +0.049]
  r(segments rejected                     , fm_theta_prominence     ) = +0.144  [-0.048, +0.352]
  r(segments rejected                     , post_beta_prominence    ) = +0.003  [-0.166, +0.169]
  r(subject amplitude (median seg ptp)    , occ_alpha_prominence    ) = +0.047  [-0.142, +0.242]
  r(subject amplitude (median seg ptp)    , occ_alpha_peak_hz       ) = -0.008  [-0.185, +0.172]
  r(subject amplitude (median seg ptp)    , smr_mu_prominence       ) = +0.133  [-0.052, +0.314]
  r(subject amplitude (median seg ptp)    , smr_mu_peak_hz          ) = -0.013  [-0.200, +0.170]
  r(subject amplitude (median seg ptp)    , exponent_global         ) = +0.257  [+0.089, +0.412]
  r(subject amplitude (median seg ptp)    , fm_theta_prominence     ) = -0.031  [-0.217, +0.158]
  r(subject amplitude (median seg ptp)    , post_beta_prominence    ) = -0.203  [-0.364, -0.033]
  r(occipital alpha prominence, sensorimotor mu prominence) = +0.836 [+0.784, +0.878]   <- if this were ~1 the two rows would be one measurement
  r(occipital alpha peak Hz,    sensorimotor mu peak Hz)    = +0.732 [+0.625, +0.820]
  PAIRED occipital - sensorimotor prominence = -0.0632 +/- 0.0201 SE, 95% CI [-0.1024, -0.0239]
  PAIRED occipital - sensorimotor peak (Hz)  = -0.0619 +/- 0.0523 SE, 95% CI [-0.1637, +0.0424]

exclusions:
  sub-016: ValueError: artefact rejection kept only 120/242 segments (49.6%, below 50%)
  sub-030: listed in participants.tsv but has no *_task-rest_eeg.set on disk
  sub-062: listed in participants.tsv but has no *_task-rest_eeg.set on disk
  sub-118: ValueError: artefact rejection kept only 113/237 segments (47.7%, below 50%)

====================================================================================================
SUGGESTED PATCH TO ibm/rhythms.py  -- printed only; this script does not edit it
====================================================================================================

--- alpha_occipital   [occ_alpha_prominence]
    declared   kind=peak_prominence band=(8.0, 13.0) target=(0.4, 1.5) states=('wake-eyes-closed',)
    measured   mean +0.4128 +/- 0.0361 SE, 95% CI [+0.3435, +0.4834]
    declaration half supports  [-0.0554, +0.8920] (10-90 pct of the declaration half)
    held-out coverage          70.0% (expected 80% +/- 5.2%)
    wider 5-95 alternative     [-0.1719, +1.0515]  held-out coverage 86.7% (expected 90%)
    fraction of ALL subjects inside the DECLARED target: 46.2%
    evidence tag: CANNOT move to measured-here.
      why: every ds008037 rest sidecar declares EyesCondition = 'eyes open', and the events file has only start/end marks, so this corpus contains no eyes-closed data at all.  The row's declared state is wake-eyes-closed.

--- alpha_occipital.peak   [occ_alpha_peak_hz]
    declared   kind=peak band=(8.0, 13.0) target=(10.0, 10.0) states=('wake-eyes-closed',)
    measured   mean +9.9996 +/- 0.0710 SE, 95% CI [+9.8610, +10.1371]
    declaration half supports  [+9.2024, +11.1138] (10-90 pct of the declaration half)
    held-out coverage          73.3% (expected 80% +/- 5.2%)
    wider 5-95 alternative     [+9.0790, +11.4688]  held-out coverage 88.3% (expected 90%)
    fraction of ALL subjects inside the DECLARED target: 0.0%
    evidence tag: CANNOT move to measured-here.
      why: same state mismatch; the declared peak is a point, 10.0 Hz.

--- mu   [smr_mu_prominence]
    declared   kind=peak_prominence band=(8.0, 13.0) target=(0.2, 1.0) states=('wake-rest',)
    measured   mean +0.4759 +/- 0.0334 SE, 95% CI [+0.4107, +0.5410]
    declaration half supports  [+0.0592, +0.9571] (10-90 pct of the declaration half)
    held-out coverage          70.0% (expected 80% +/- 5.2%)
    wider 5-95 alternative     [-0.0823, +1.0908]  held-out coverage 86.7% (expected 90%)
    fraction of ALL subjects inside the DECLARED target: 64.7%
    evidence tag: see the numbers above; the verdict is written in the report.

--- mu.peak   [smr_mu_peak_hz]
    declared   kind=peak band=(8.0, 13.0) target=(10.0, 10.0) states=('wake-rest',)
    measured   mean +10.0616 +/- 0.0720 SE, 95% CI [+9.9240, +10.2006]
    declaration half supports  [+9.1133, +11.1884] (10-90 pct of the declaration half)
    held-out coverage          73.3% (expected 80% +/- 5.2%)
    wider 5-95 alternative     [+8.9287, +11.4092]  held-out coverage 86.7% (expected 90%)
    fraction of ALL subjects inside the DECLARED target: 0.0%
    evidence tag: see the numbers above; the verdict is written in the report.

--- BACKGROUND (aperiodic)   [exponent_global]
    declared   kind=aperiodic_exponent band=(1.0, 45.0) target=(0.8, 2.0) states=('wake-rest',)
    measured   mean +1.2243 +/- 0.0367 SE, 95% CI [+1.1528, +1.2978]
    declaration half supports  [+0.7291, +1.8032] (10-90 pct of the declaration half)
    held-out coverage          81.7% (expected 80% +/- 5.2%)
    wider 5-95 alternative     [+0.6477, +1.8447]  held-out coverage 88.3% (expected 90%)
    fraction of ALL subjects inside the DECLARED target: 83.2%
    evidence tag: see the numbers above; the verdict is written in the report.

--- frontal_midline_theta   [fm_theta_prominence]
    declared   kind=load_slope band=(4.0, 8.0) target=(0.02, 0.5) states=('wake-task', 'working-memory')
    measured   mean +0.0728 +/- 0.0169 SE, 95% CI [+0.0403, +0.1064]
    declaration half supports  [-0.1555, +0.2598] (10-90 pct of the declaration half)
    held-out coverage          80.0% (expected 80% +/- 5.2%)
    wider 5-95 alternative     [-0.2098, +0.2993]  held-out coverage 86.7% (expected 90%)
    fraction of ALL subjects inside the DECLARED target: 54.6%
    evidence tag: CANNOT move to measured-here.
      why: the row declares kind=load_slope: theta power AGAINST SET SIZE on the working-memory task.  This corpus is rest with no task markers, so the quantity measured here (resting 4-8 Hz prominence) is a DIFFERENT quantity in different units and cannot confirm or refute that target.

--- (no row: posterior scalp beta at rest)   [post_beta_prominence]
    declared   kind=peak_prominence band=(13.0, 30.0) target=None states=('wake-rest',)
    measured   mean +0.1776 +/- 0.0197 SE, 95% CI [+0.1387, +0.2163]
    declaration half supports  [-0.0800, +0.4502] (10-90 pct of the declaration half)
    held-out coverage          70.0% (expected 80% +/- 5.2%)
    wider 5-95 alternative     [-0.1344, +0.4916]  held-out coverage 85.0% (expected 90%)
    evidence tag: CANNOT move to measured-here.
      why: the catalogue's only 13-30 Hz rest row is `beta_bg`, declared at the STN and GPe (substrate: needs-basal-ganglia).  A scalp parieto-occipital beta measurement is not that row and must not be used to confirm it.

