muscle sets present: [15, 30, 40, 80] -> keeping the 80-muscle set, 22 of 39 motions; 17 are from other OpenSim models and are dropped
train 3,515 transitions over 17 motions | held out 3,400 over 11 motions
in 160 (length + rate for 80 muscles) -> out 80

held-out baselines (MSE, and skill against persistence):
  zero               6.671151e-04   skill -5.4140
  mean               6.672289e-04   skill -5.4151
  persistence        1.040089e-04   skill +0.0000
  ridge, no cortex   1.953707e-01   skill -1877.4032

### no_cortex: encoder -> head, the sheet removed entirely
/home/brandonin/Documents/IBM-1/scripts/train_proprioceptive_motor.py:235: UserWarning: Converting a tensor with requires_grad=True to a scalar may lead to unexpected behavior.
Consider using tensor.detach() first. (Triggered internally at /__w/pytorch/pytorch/torch/csrc/autograd/generated/python_variable_methods.cpp:820.)
  print(f"  {step:5d}  train {float(ls):.3e}  held {v:.3e}  "
      0  train 1.296e+00  held 6.606e-04  SKILL vs persistence -5.3518  vs ridge +0.9966
    250  train 1.404e-01  held 4.355e-04  SKILL vs persistence -3.1869  vs ridge +0.9978
    500  train 1.040e-01  held 4.312e-04  SKILL vs persistence -3.1463  vs ridge +0.9978
    750  train 3.823e-02  held 4.433e-04  SKILL vs persistence -3.2620  vs ridge +0.9977
   1000  train 8.639e-02  held 4.439e-04  SKILL vs persistence -3.2676  vs ridge +0.9977
   1250  train 6.666e-02  held 4.531e-04  SKILL vs persistence -3.3564  vs ridge +0.9977
   1500  train 5.622e-02  held 4.606e-04  SKILL vs persistence -3.4284  vs ridge +0.9976
   1750  train 4.358e-02  held 4.680e-04  SKILL vs persistence -3.4997  vs ridge +0.9976
   2000  train 4.363e-02  held 4.747e-04  SKILL vs persistence -3.5638  vs ridge +0.9976
   2250  train 9.601e-02  held 4.787e-04  SKILL vs persistence -3.6029  vs ridge +0.9975
   2500  train 8.387e-02  held 4.903e-04  SKILL vs persistence -3.7140  vs ridge +0.9975
   2750  train 4.748e-02  held 4.935e-04  SKILL vs persistence -3.7451  vs ridge +0.9975
   3000  train 5.205e-02  held 5.063e-04  SKILL vs persistence -3.8674  vs ridge +0.9974

  arm            best skill vs persistence
  no_cortex      -3.1463
