muscle sets present: [15, 30, 40, 80] -> keeping the 80-muscle set, 22 of 39 motions; 17 are from other OpenSim models and are dropped
train 3,515 transitions over 17 motions | held out 3,400 over 11 motions
in 160 (length + rate for 80 muscles) -> out 80

held-out baselines (MSE, and skill against persistence):
  zero               6.671151e-04   skill -5.4140
  mean               6.672289e-04   skill -5.4151
  persistence        1.040089e-04   skill +0.0000
  ridge, no cortex   1.953707e-01   skill -1877.4032

### trained: drive postcentral (1779) -> read precentral (2121), tract edges
/home/brandonin/Documents/IBM-1/scripts/train_proprioceptive_motor.py:259: UserWarning: Converting a tensor with requires_grad=True to a scalar may lead to unexpected behavior.
Consider using tensor.detach() first. (Triggered internally at /__w/pytorch/pytorch/torch/csrc/autograd/generated/python_variable_methods.cpp:820.)
  print(f"  {step:5d}  train {float(loss):.3e}  held {v:.3e}  "
      0  train 5.303e+00  held 7.326e-04  SKILL vs persistence -6.0440  vs ridge +0.9962      20s
    200  train 4.538e-01  held 6.266e-04  SKILL vs persistence -5.0248  vs ridge +0.9968     936s
    400  train 4.354e-01  held 5.874e-04  SKILL vs persistence -4.6476  vs ridge +0.9970    1851s
    600  train 5.391e-01  held 5.538e-04  SKILL vs persistence -4.3248  vs ridge +0.9972    2767s
    800  train 5.662e-01  held 5.334e-04  SKILL vs persistence -4.1280  vs ridge +0.9973    3693s
   1000  train 3.986e-01  held 5.195e-04  SKILL vs persistence -3.9951  vs ridge +0.9973    4610s
   1200  train 3.471e-01  held 5.133e-04  SKILL vs persistence -3.9352  vs ridge +0.9974    5527s

  arm            best skill vs persistence
  trained        -3.9352
