muscle sets present: [15, 30, 40, 80] -> keeping the 80-muscle set, 22 of 39 motions; 17 are from other OpenSim models and are dropped
train 3,515 transitions over 17 motions | held out 3,400 over 11 motions
in 160 (length + rate for 80 muscles) -> out 80

held-out baselines (MSE, and skill against persistence):
  zero               6.671151e-04   skill -5.4140
  mean               6.672289e-04   skill -5.4151
  persistence        1.040089e-04   skill +0.0000
  ridge, no cortex   1.953707e-01   skill -1877.4032

### no_cortex: encoder -> head, the sheet removed entirely
/home/brandonin/Documents/IBM-1/scripts/train_proprioceptive_motor.py:235: UserWarning: Converting a tensor with requires_grad=True to a scalar may lead to unexpected behavior.
Consider using tensor.detach() first. (Triggered internally at /__w/pytorch/pytorch/torch/csrc/autograd/generated/python_variable_methods.cpp:820.)
  print(f"  {step:5d}  train {float(ls):.3e}  held {v:.3e}  "
      0  train 8.340e-01  held 6.684e-04  SKILL vs persistence -5.4266  vs ridge +0.9966
    250  train 1.318e-01  held 4.374e-04  SKILL vs persistence -3.2050  vs ridge +0.9978
    500  train 8.622e-02  held 4.464e-04  SKILL vs persistence -3.2922  vs ridge +0.9977
    750  train 3.515e-02  held 4.451e-04  SKILL vs persistence -3.2795  vs ridge +0.9977
   1000  train 6.875e-02  held 4.513e-04  SKILL vs persistence -3.3394  vs ridge +0.9977
   1250  train 5.940e-02  held 4.556e-04  SKILL vs persistence -3.3806  vs ridge +0.9977
   1500  train 5.485e-02  held 4.673e-04  SKILL vs persistence -3.4931  vs ridge +0.9976
   1750  train 5.690e-02  held 4.732e-04  SKILL vs persistence -3.5496  vs ridge +0.9976
   2000  train 3.254e-02  held 4.762e-04  SKILL vs persistence -3.5785  vs ridge +0.9976
   2250  train 3.923e-02  held 4.832e-04  SKILL vs persistence -3.6460  vs ridge +0.9975
   2500  train 3.852e-02  held 4.912e-04  SKILL vs persistence -3.7231  vs ridge +0.9975
   2750  train 7.817e-02  held 4.973e-04  SKILL vs persistence -3.7811  vs ridge +0.9975
   3000  train 3.229e-02  held 5.048e-04  SKILL vs persistence -3.8538  vs ridge +0.9974

  arm            best skill vs persistence
  no_cortex      -3.2050
