video (97320, 64, 64, 3) + (97320, 64) | paired (3526485, 64) -> (3526485, 306)
shared substrate 19,200,005 | av head 24,051,199 | paired head 7,003,230 | total 50,254,434
/home/brandonin/Documents/IBM-1/scripts/train_multi_materialization.py:155: UserWarning: Converting a tensor with requires_grad=True to a scalar may lead to unexpected behavior.
Consider using tensor.detach() first. (Triggered internally at /__w/pytorch/pytorch/torch/csrc/autograd/generated/python_variable_methods.cpp:820.)
  skill_pr = 1.0 - float(l_pr) / max(zero_mse, 1e-12)
    0  av 0.9655  meg 9.6013  skill/0 -256445.1736  r_av  2.31  r_meg  1.79  xmod 0.1390       2s
   25  av 1.0410  meg 0.2862  skill/0 -6709.4651  r_av  1.70  r_meg  1.27  xmod 0.1393      18s
   50  av 0.6681  meg 0.0918  skill/0 -1518.2166  r_av  2.74  r_meg  1.62  xmod 0.1393      34s
   75  av 0.4747  meg 0.3097  skill/0 -5427.3673  r_av  2.03  r_meg  1.52  xmod 0.1394      50s
  100  av 0.7820  meg 0.1308  skill/0 -2987.6755  r_av  2.43  r_meg  1.41  xmod 0.1395      66s
  125  av 0.8278  meg 0.0970  skill/0 -1521.2907  r_av  1.49  r_meg  2.03  xmod 0.1396      82s
  150  av 0.6615  meg 0.0938  skill/0 -1927.8476  r_av  1.80  r_meg  2.03  xmod 0.1397      98s
  175  av 0.5940  meg 0.1032  skill/0 -2136.8242  r_av  1.53  r_meg  1.24  xmod 0.1398     114s
  200  av 0.5552  meg 0.0882  skill/0 -2900.1867  r_av  1.64  r_meg  1.54  xmod 0.1399     130s
  225  av 0.6519  meg 0.1124  skill/0 -1967.2056  r_av  2.33  r_meg  1.19  xmod 0.1400     146s
  250  av 0.6489  meg 0.1921  skill/0 -3281.2516  r_av  2.40  r_meg  1.22  xmod 0.1401     163s
  275  av 0.3961  meg 0.0682  skill/0 -1975.9282  r_av  2.55  r_meg  2.39  xmod 0.1402     179s
  300  av 0.5714  meg 0.0962  skill/0 -2111.7506  r_av  1.73  r_meg  2.08  xmod 0.1403     195s
  325  av 0.7141  meg 0.0342  skill/0 -1030.0473  r_av  2.02  r_meg  2.32  xmod 0.1404     211s
  350  av 0.5606  meg 0.0669  skill/0 -1768.3503  r_av  1.78  r_meg  2.24  xmod 0.1405     228s
  375  av 0.6060  meg 0.0315  skill/0 -860.2680  r_av  1.40  r_meg  1.56  xmod 0.1406     244s
  400  av 0.6062  meg 0.0733  skill/0 -1409.5056  r_av  1.75  r_meg  2.01  xmod 0.1407     260s
  425  av 0.5210  meg 0.0849  skill/0 -1177.4534  r_av  2.63  r_meg  1.62  xmod 0.1408     277s
  450  av 0.5164  meg 0.0799  skill/0 -1708.7936  r_av  1.34  r_meg  1.84  xmod 0.1409     293s
  475  av 0.5098  meg 0.0689  skill/0 -1934.3324  r_av  1.84  r_meg  1.69  xmod 0.1410     309s
  500  av 0.6843  meg 0.1576  skill/0 -3907.9816  r_av  2.20  r_meg  2.26  xmod 0.1412     325s
  525  av 0.5134  meg 0.0552  skill/0 -1229.3366  r_av  1.71  r_meg  2.38  xmod 0.1413     341s
  550  av 0.5354  meg 0.1126  skill/0 -2154.1644  r_av  1.93  r_meg  1.63  xmod 0.1414     357s
  575  av 0.4432  meg 0.0762  skill/0 -2241.6798  r_av  2.56  r_meg  1.66  xmod 0.1415     373s
  600  av 0.5747  meg 0.0696  skill/0 -1523.0364  r_av  2.21  r_meg  1.46  xmod 0.1417     389s
  625  av 0.4155  meg 0.0586  skill/0 -2211.5446  r_av  2.28  r_meg  1.59  xmod 0.1418     406s
  650  av 0.5346  meg 0.0516  skill/0 -915.4889  r_av  1.28  r_meg  1.71  xmod 0.1419     422s
  675  av 0.3230  meg 0.0647  skill/0 -1862.3185  r_av  1.38  r_meg  1.58  xmod 0.1421     438s
  700  av 0.4236  meg 0.1024  skill/0 -1947.8442  r_av  1.29  r_meg  1.63  xmod 0.1422     454s
  725  av 0.4615  meg 0.1834  skill/0 -5975.3295  r_av  2.04  r_meg  1.06  xmod 0.1424     470s
  750  av 0.4936  meg 0.0987  skill/0 -1918.3377  r_av  1.50  r_meg  1.21  xmod 0.1426     486s
  775  av 0.3471  meg 0.1536  skill/0 -5299.0679  r_av  1.62  r_meg  1.82  xmod 0.1429     502s
  800  av 0.4038  meg 0.0503  skill/0 -965.2782  r_av  2.28  r_meg  2.20  xmod 0.1431     518s
  825  av 0.5287  meg 0.0839  skill/0 -2944.7082  r_av  1.87  r_meg  1.70  xmod 0.1432     534s
  850  av 0.4608  meg 0.0541  skill/0 -1519.9795  r_av  1.91  r_meg  1.00  xmod 0.1434     551s
  875  av 0.3874  meg 0.1977  skill/0 -4084.6662  r_av  2.30  r_meg  1.18  xmod 0.1436     567s
  900  av 0.4807  meg 0.0437  skill/0 -465.8311  r_av  1.33  r_meg  1.14  xmod 0.1438     583s
  925  av 0.5495  meg 0.0595  skill/0 -1467.8496  r_av  2.22  r_meg  2.06  xmod 0.1440     599s
  950  av 0.2713  meg 0.0938  skill/0 -2291.7956  r_av  1.47  r_meg  1.01  xmod 0.1442     615s
  975  av 0.4985  meg 0.0675  skill/0 -1291.8190  r_av  2.01  r_meg  1.03  xmod 0.1444     631s
 1000  av 0.4031  meg 0.0261  skill/0 -452.4382  r_av  2.24  r_meg  1.67  xmod 0.1447     647s
 1025  av 0.4929  meg 0.0245  skill/0 -252.0325  r_av  1.59  r_meg  2.08  xmod 0.1448     663s
 1050  av 0.4900  meg 0.0339  skill/0 -535.6891  r_av  1.90  r_meg  1.48  xmod 0.1450     679s
 1075  av 0.4609  meg 0.0510  skill/0 -1721.3521  r_av  2.59  r_meg  1.48  xmod 0.1452     695s
 1100  av 0.4208  meg 0.0322  skill/0 -596.4637  r_av  2.34  r_meg  1.59  xmod 0.1455     712s
 1125  av 0.3606  meg 0.0526  skill/0 -1284.5142  r_av  1.36  r_meg  1.12  xmod 0.1457     728s
 1150  av 0.3621  meg 0.0438  skill/0 -1117.1041  r_av  2.05  r_meg  1.65  xmod 0.1459     744s
 1175  av 0.4440  meg 0.0196  skill/0 -304.5445  r_av  2.07  r_meg  1.23  xmod 0.1461     760s
 1200  av 0.3746  meg 0.0047  skill/0 -171.9862  r_av  2.03  r_meg  1.80  xmod 0.1463     776s
 1225  av 0.4462  meg 0.0314  skill/0 -815.7685  r_av  1.51  r_meg  1.33  xmod 0.1465     792s
 1250  av 0.3755  meg 0.0418  skill/0 -1329.5147  r_av  2.49  r_meg  1.51  xmod 0.1467     808s
 1275  av 0.3934  meg 0.0187  skill/0 -507.2411  r_av  2.66  r_meg  1.00  xmod 0.1470     824s
 1300  av 0.4349  meg 0.0169  skill/0 -673.8088  r_av  1.52  r_meg  2.34  xmod 0.1472     840s
 1325  av 0.3032  meg 0.0695  skill/0 -1358.2574  r_av  2.34  r_meg  1.10  xmod 0.1475     856s
 1350  av 0.4554  meg 0.0270  skill/0 -736.5584  r_av  1.79  r_meg  1.14  xmod 0.1477     872s
 1375  av 4.4541  meg 0.0263  skill/0 -466.6803  r_av  2.47  r_meg  1.42  xmod 0.1480     889s
 1400  av 0.4360  meg 0.0229  skill/0 -643.0391  r_av  2.15  r_meg  1.00  xmod 0.1482     905s
 1425  av 0.3522  meg 0.0118  skill/0 -367.4306  r_av  2.21  r_meg  1.00  xmod 0.1486     921s
 1450  av 0.3714  meg 0.0097  skill/0 -243.6689  r_av  2.19  r_meg  1.27  xmod 0.1489     937s
 1475  av 0.4956  meg 0.0056  skill/0 -205.7553  r_av  1.69  r_meg  1.70  xmod 0.1492     953s
 1499  av 0.3250  meg 0.0084  skill/0 -276.3052  r_av  1.81  r_meg  1.12  xmod 0.1494     968s
wrote out/rank16.json
