sheet: 1024 sites, k=32, 8 long-range, topology=tract
  wake-eyes-open: dt=2 ms, window 4s (+1s burn-in), nperseg 512 (1.02s, df 0.977 Hz)
  nrem3: dt=5 ms, window 16s (+4s burn-in), nperseg 1024 (5.12s, df 0.195 Hz)
G0 entrainment: {'ok': True, 'measured_hz': 9.821868896484375, 'expected_hz': 10.0, 'tolerance_hz': 0.5}
G1 idempotence: {'ok': True, 'first': 0.645257294178009, 'second': 0.645257294178009}
  [shaped] wake-eyes-open: 1 targets (gamma_visual); 3 skipped
  [shaped] nrem3: 1 targets (slow_oscillation); 5 skipped
/home/brandonin/Documents/IBM-1/scripts/shape_rhythms.py:374: UserWarning: Converting a tensor with requires_grad=True to a scalar may lead to unexpected behavior.
Consider using tensor.detach() first. (Triggered internally at /__w/pytorch/pytorch/torch/csrc/autograd/generated/python_variable_methods.cpp:820.)
  rec = {"step": step, "state": state, "loss": float(total), "grad_norm": float(gn),
  [shaped]    0 wake-eyes-open  L=   0.3151 |g|=  0.226  gamma_visual=-0.3613  aperiodic=1.664
  [shaped]   10 wake-eyes-open  L=   0.4566 |g|=  0.283  gamma_visual=-0.4679  aperiodic=1.934
  [shaped]   20 wake-eyes-open  L=  20.6112 |g|=640.551  gamma_visual=-0.3353  aperiodic=3.98
  [shaped]   30 wake-eyes-open  L=  28.9378 |g|= 90.362  gamma_visual=-0.2143  aperiodic=3.403
  [shaped]   40 wake-eyes-open  L=  31.3862 |g|=153.013  gamma_visual=0.1316  aperiodic=3.361
  [shaped]   50 wake-eyes-open  L=  27.3532 |g|= 60.727  gamma_visual=-0.2517  aperiodic=3.542
  [shaped]   60 wake-eyes-open  L=  31.2567 |g|=101.073  gamma_visual=-0.333  aperiodic=3.558
  [shaped]   70 wake-eyes-open  L=  32.1697 |g|= 63.156  gamma_visual=0.1962  aperiodic=3.329
  [shaped]   80 wake-eyes-open  L=  28.8193 |g|= 67.337  gamma_visual=-0.3604  aperiodic=3.133
  [shaped]   90 wake-eyes-open  L=  28.3486 |g|= 46.983  gamma_visual=-0.4972  aperiodic=3.192
  [shaped]  100 wake-eyes-open  L=  28.0825 |g|= 16.194  gamma_visual=-0.4258  aperiodic=3.003
  [shaped]  110 wake-eyes-open  L=  29.3875 |g|= 28.973  gamma_visual=0.3404  aperiodic=3.447
  [shaped]  120 wake-eyes-open  L=   0.2225 |g|=  1.222  gamma_visual=-0.1499  aperiodic=2.17
  [shaped]  130 wake-eyes-open  L=   0.4893 |g|=  0.867  gamma_visual=-0.4597  aperiodic=2.218
  [shaped]  140 wake-eyes-open  L=  16.3551 |g|= 38.599  gamma_visual=-0.2649  aperiodic=2.859
  [shaped]  150 wake-eyes-open  L=   0.4177 |g|=  1.287  gamma_visual=-0.3662  aperiodic=2.154
