train 28 films, 3,391,879 frames (37.69 h)
    BigBoyRidesAgain_frames.npy
    Detour_66_frames.npy
    EveningsForSale1932Restored_frames.npy
    IdentityUnknown_frames.npy
    NightTide16x9CorrectedAudio_frames.npy
    OneBodyTooManyJackHaleyBelaLugosiAppleTV2ndGen..mp4_frames.npy
    ParlorBedroomAndBathImageQualityUpgrade_frames.npy
    PecksBadBoy_558_frames.npy
    RomanceOfTheRedwoods_frames.npy
    RomanticComedyNightAtTheBijoudoubleFeature_frames.npy
    rog561b_netzero_116_frames.npy
    rog561b_netzero_310_frames.npy
    rog561b_netzero_317_frames.npy
    rog56_mail_219_frames.npy
    rog56_mail_3008_frames.npy
    rog56_mail_313_frames.npy
    rog56_mail_614_frames.npy
    rog56_mail_922_frames.npy
    rog56_mail_927_frames.npy
    romance_on_the_run_frames.npy
    rough_riding_ranger_frames.npy
    sabaka_ipod_frames.npy
    sangdil-sanam-1994-dv-drip.-x-264..-ac-3.-esubs.-5.1-xmr-by.-juleyano_frames.npy
    song_for_miss_julie_frames.npy
    suhaag-1994-dv-drip-xvi-d-mp-3-esubs-tmb_frames.npy
    the-killer-meteors-1976-jackie-chan-jimmy-wang-yu_frames.npy
    the-lost-zeppelin-1929-fourtl_frames.npy
    the-river_1929_frames.npy
HELD-OUT 2 films, 225,795 frames (2.51 h)
    the-viking_1928_frames.npy
    the_shadow_strikes_frames.npy

held-out baselines: zero 0.42654  PERSISTENCE 0.03999  (the one to beat)

params 10,386,414 (3,840,000 association) | target=direct
/home/brandonin/Documents/IBM-1/scripts/train_video_multifilm.py:183: UserWarning: Converting a tensor with requires_grad=True to a scalar may lead to unexpected behavior.
Consider using tensor.detach() first. (Triggered internally at /__w/pytorch/pytorch/torch/csrc/autograd/generated/python_variable_methods.cpp:820.)
  print(f"{step:6d}  train {float(loss):.5f}  held {held:.5f}  "
     0  train 0.26723  held 0.42262  persist 0.04106  SKILL -9.2918  res 3.218 cos +0.136  r_eff  1.78      2s  <- best
   250  train 0.09218  held 0.11191  persist 0.05210  SKILL -1.1478  res 1.402 cos +0.228  r_eff  1.31    138s  <- best
   500  train 0.10897  held 0.09311  persist 0.04432  SKILL -1.1009  res 1.383 cos +0.248  r_eff  1.74    274s  <- best
   750  train 0.09708  held 0.08246  persist 0.05182  SKILL -0.5912  res 1.163 cos +0.242  r_eff  2.36    410s  <- best
  1000  train 0.08258  held 0.08582  persist 0.05305  SKILL -0.6177  res 1.154 cos +0.261  r_eff  2.66    546s
  1250  train 0.07645  held 0.08520  persist 0.05036  SKILL -0.6917  res 1.230 cos +0.251  r_eff  2.29    682s
  1500  train 0.10517  held 0.07922  persist 0.04611  SKILL -0.7181  res 1.195 cos +0.236  r_eff  2.62    819s
  1750  train 0.10372  held 0.07192  persist 0.03887  SKILL -0.8505  res 1.255 cos +0.235  r_eff  4.31    955s
  2000  train 0.07470  held 0.07549  persist 0.04625  SKILL -0.6322  res 1.167 cos +0.255  r_eff  2.48   1090s
  2250  train 0.07515  held 0.06940  persist 0.03949  SKILL -0.7573  res 1.216 cos +0.251  r_eff  2.97   1226s
  2500  train 0.06683  held 0.06839  persist 0.05019  SKILL -0.3627  res 1.031 cos +0.278  r_eff  4.12   1362s  <- best
best skill against persistence: -0.3627
